// Jest Snapshot v1, https://goo.gl/fbAQLP

exports[`Steps render renders correctly 1`] = `
<div
  class="rmc-steps rmc-steps-horizontal rmc-steps-label-horizontal"
>
  <div
    class="rmc-steps-item rmc-steps-item-process"
  >
    <div
      class="rmc-steps-item-tail"
    />
    <div
      class="rmc-steps-item-icon"
    >
      <span
        class="rmc-steps-icon"
      >
        1
      </span>
    </div>
    <div
      class="rmc-steps-item-content"
    >
      <div
        class="rmc-steps-item-title"
      >
        已完成
      </div>
    </div>
  </div>
  <div
    class="rmc-steps-item rmc-steps-item-wait"
  >
    <div
      class="rmc-steps-item-tail"
    />
    <div
      class="rmc-steps-item-icon"
    >
      <span
        class="rmc-steps-icon"
      >
        2
      </span>
    </div>
    <div
      class="rmc-steps-item-content"
    >
      <div
        class="rmc-steps-item-title"
      >
        进行中
      </div>
    </div>
  </div>
  <div
    class="rmc-steps-item rmc-steps-item-wait"
  >
    <div
      class="rmc-steps-item-tail"
    />
    <div
      class="rmc-steps-item-icon"
    >
      <span
        class="rmc-steps-icon"
      >
        3
      </span>
    </div>
    <div
      class="rmc-steps-item-content"
    >
      <div
        class="rmc-steps-item-title"
      >
        待运行
      </div>
    </div>
  </div>
  <div
    class="rmc-steps-item rmc-steps-item-wait"
  >
    <div
      class="rmc-steps-item-tail"
    />
    <div
      class="rmc-steps-item-icon"
    >
      <span
        class="rmc-steps-icon"
      >
        4
      </span>
    </div>
    <div
      class="rmc-steps-item-content"
    >
      <div
        class="rmc-steps-item-title"
      >
        待运行
      </div>
    </div>
  </div>
</div>
`;

exports[`Steps render renders current correctly 1`] = `
<div
  class="rmc-steps rmc-steps-horizontal rmc-steps-label-horizontal"
>
  <div
    class="rmc-steps-item rmc-steps-item-finish"
  >
    <div
      class="rmc-steps-item-tail"
    />
    <div
      class="rmc-steps-item-icon"
    >
      <span
        class="rmc-steps-icon rmcicon rmcicon-check"
      />
    </div>
    <div
      class="rmc-steps-item-content"
    >
      <div
        class="rmc-steps-item-title"
      >
        已完成
      </div>
    </div>
  </div>
  <div
    class="rmc-steps-item rmc-steps-item-finish"
  >
    <div
      class="rmc-steps-item-tail"
    />
    <div
      class="rmc-steps-item-icon"
    >
      <span
        class="rmc-steps-icon rmcicon rmcicon-check"
      />
    </div>
    <div
      class="rmc-steps-item-content"
    >
      <div
        class="rmc-steps-item-title"
      >
        进行中
      </div>
    </div>
  </div>
  <div
    class="rmc-steps-item rmc-steps-item-process"
  >
    <div
      class="rmc-steps-item-tail"
    />
    <div
      class="rmc-steps-item-icon"
    >
      <span
        class="rmc-steps-icon"
      >
        3
      </span>
    </div>
    <div
      class="rmc-steps-item-content"
    >
      <div
        class="rmc-steps-item-title"
      >
        待运行
      </div>
    </div>
  </div>
  <div
    class="rmc-steps-item rmc-steps-item-wait"
  >
    <div
      class="rmc-steps-item-tail"
    />
    <div
      class="rmc-steps-item-icon"
    >
      <span
        class="rmc-steps-icon"
      >
        4
      </span>
    </div>
    <div
      class="rmc-steps-item-content"
    >
      <div
        class="rmc-steps-item-title"
      >
        待运行
      </div>
    </div>
  </div>
</div>
`;

exports[`Steps render renders labelPlacement correctly 1`] = `
<div
  class="rmc-steps rmc-steps-horizontal rmc-steps-label-vertical"
>
  <div
    class="rmc-steps-item rmc-steps-item-process"
  >
    <div
      class="rmc-steps-item-tail"
    />
    <div
      class="rmc-steps-item-icon"
    >
      <span
        class="rmc-steps-icon"
      >
        1
      </span>
    </div>
    <div
      class="rmc-steps-item-content"
    >
      <div
        class="rmc-steps-item-title"
      >
        已完成
      </div>
    </div>
  </div>
  <div
    class="rmc-steps-item rmc-steps-item-wait"
  >
    <div
      class="rmc-steps-item-tail"
    />
    <div
      class="rmc-steps-item-icon"
    >
      <span
        class="rmc-steps-icon"
      >
        2
      </span>
    </div>
    <div
      class="rmc-steps-item-content"
    >
      <div
        class="rmc-steps-item-title"
      >
        进行中
      </div>
    </div>
  </div>
  <div
    class="rmc-steps-item rmc-steps-item-wait"
  >
    <div
      class="rmc-steps-item-tail"
    />
    <div
      class="rmc-steps-item-icon"
    >
      <span
        class="rmc-steps-icon"
      >
        3
      </span>
    </div>
    <div
      class="rmc-steps-item-content"
    >
      <div
        class="rmc-steps-item-title"
      >
        待运行
      </div>
    </div>
  </div>
  <div
    class="rmc-steps-item rmc-steps-item-wait"
  >
    <div
      class="rmc-steps-item-tail"
    />
    <div
      class="rmc-steps-item-icon"
    >
      <span
        class="rmc-steps-icon"
      >
        4
      </span>
    </div>
    <div
      class="rmc-steps-item-content"
    >
      <div
        class="rmc-steps-item-title"
      >
        待运行
      </div>
    </div>
  </div>
</div>
`;

exports[`Steps render renders progressDot correctly 1`] = `
<div
  class="rmc-steps rmc-steps-horizontal rmc-steps-label-vertical rmc-steps-dot"
>
  <div
    class="rmc-steps-item rmc-steps-item-process"
  >
    <div
      class="rmc-steps-item-tail"
    />
    <div
      class="rmc-steps-item-icon"
    >
      <span
        class="rmc-steps-icon"
      >
        <span
          class="rmc-steps-icon-dot"
        />
      </span>
    </div>
    <div
      class="rmc-steps-item-content"
    >
      <div
        class="rmc-steps-item-title"
      >
        已完成
      </div>
    </div>
  </div>
  <div
    class="rmc-steps-item rmc-steps-item-wait"
  >
    <div
      class="rmc-steps-item-tail"
    />
    <div
      class="rmc-steps-item-icon"
    >
      <span
        class="rmc-steps-icon"
      >
        <span
          class="rmc-steps-icon-dot"
        />
      </span>
    </div>
    <div
      class="rmc-steps-item-content"
    >
      <div
        class="rmc-steps-item-title"
      >
        进行中
      </div>
    </div>
  </div>
  <div
    class="rmc-steps-item rmc-steps-item-wait"
  >
    <div
      class="rmc-steps-item-tail"
    />
    <div
      class="rmc-steps-item-icon"
    >
      <span
        class="rmc-steps-icon"
      >
        <span
          class="rmc-steps-icon-dot"
        />
      </span>
    </div>
    <div
      class="rmc-steps-item-content"
    >
      <div
        class="rmc-steps-item-title"
      >
        待运行
      </div>
    </div>
  </div>
  <div
    class="rmc-steps-item rmc-steps-item-wait"
  >
    <div
      class="rmc-steps-item-tail"
    />
    <div
      class="rmc-steps-item-icon"
    >
      <span
        class="rmc-steps-icon"
      >
        <span
          class="rmc-steps-icon-dot"
        />
      </span>
    </div>
    <div
      class="rmc-steps-item-content"
    >
      <div
        class="rmc-steps-item-title"
      >
        待运行
      </div>
    </div>
  </div>
</div>
`;

exports[`Steps render renders progressDot function correctly 1`] = `
<div
  class="rmc-steps rmc-steps-horizontal rmc-steps-label-vertical rmc-steps-dot"
>
  <div
    class="rmc-steps-item rmc-steps-item-process"
  >
    <div
      class="rmc-steps-item-tail"
    />
    <div
      class="rmc-steps-item-icon"
    >
      <span
        class="rmc-steps-icon"
      >
        <span>
          a
        </span>
      </span>
    </div>
    <div
      class="rmc-steps-item-content"
    >
      <div
        class="rmc-steps-item-title"
      >
        已完成
      </div>
    </div>
  </div>
  <div
    class="rmc-steps-item rmc-steps-item-wait"
  >
    <div
      class="rmc-steps-item-tail"
    />
    <div
      class="rmc-steps-item-icon"
    >
      <span
        class="rmc-steps-icon"
      >
        <span>
          a
        </span>
      </span>
    </div>
    <div
      class="rmc-steps-item-content"
    >
      <div
        class="rmc-steps-item-title"
      >
        进行中
      </div>
    </div>
  </div>
  <div
    class="rmc-steps-item rmc-steps-item-wait"
  >
    <div
      class="rmc-steps-item-tail"
    />
    <div
      class="rmc-steps-item-icon"
    >
      <span
        class="rmc-steps-icon"
      >
        <span>
          a
        </span>
      </span>
    </div>
    <div
      class="rmc-steps-item-content"
    >
      <div
        class="rmc-steps-item-title"
      >
        待运行
      </div>
    </div>
  </div>
  <div
    class="rmc-steps-item rmc-steps-item-wait"
  >
    <div
      class="rmc-steps-item-tail"
    />
    <div
      class="rmc-steps-item-icon"
    >
      <span
        class="rmc-steps-icon"
      >
        <span>
          a
        </span>
      </span>
    </div>
    <div
      class="rmc-steps-item-content"
    >
      <div
        class="rmc-steps-item-title"
      >
        待运行
      </div>
    </div>
  </div>
</div>
`;

exports[`Steps render renders status correctly 1`] = `
<div
  class="rmc-steps rmc-steps-horizontal rmc-steps-label-horizontal"
>
  <div
    class="rmc-steps-item rmc-steps-item-finish"
  >
    <div
      class="rmc-steps-item-tail"
    />
    <div
      class="rmc-steps-item-icon"
    >
      <span
        class="rmc-steps-icon rmcicon rmcicon-check"
      />
    </div>
    <div
      class="rmc-steps-item-content"
    >
      <div
        class="rmc-steps-item-title"
      >
        已完成
      </div>
    </div>
  </div>
  <div
    class="rmc-steps-item rmc-steps-item-finish rmc-steps-next-error"
  >
    <div
      class="rmc-steps-item-tail"
    />
    <div
      class="rmc-steps-item-icon"
    >
      <span
        class="rmc-steps-icon rmcicon rmcicon-check"
      />
    </div>
    <div
      class="rmc-steps-item-content"
    >
      <div
        class="rmc-steps-item-title"
      >
        进行中
      </div>
    </div>
  </div>
  <div
    class="rmc-steps-item rmc-steps-item-error"
  >
    <div
      class="rmc-steps-item-tail"
    />
    <div
      class="rmc-steps-item-icon"
    >
      <span
        class="rmc-steps-icon rmcicon rmcicon-cross"
      />
    </div>
    <div
      class="rmc-steps-item-content"
    >
      <div
        class="rmc-steps-item-title"
      >
        待运行
      </div>
    </div>
  </div>
  <div
    class="rmc-steps-item rmc-steps-item-wait"
  >
    <div
      class="rmc-steps-item-tail"
    />
    <div
      class="rmc-steps-item-icon"
    >
      <span
        class="rmc-steps-icon"
      >
        4
      </span>
    </div>
    <div
      class="rmc-steps-item-content"
    >
      <div
        class="rmc-steps-item-title"
      >
        待运行
      </div>
    </div>
  </div>
</div>
`;

exports[`Steps render renders step with description 1`] = `
<div
  class="rmc-steps rmc-steps-horizontal rmc-steps-label-horizontal"
>
  <div
    class="rmc-steps-item rmc-steps-item-process"
  >
    <div
      class="rmc-steps-item-tail"
    />
    <div
      class="rmc-steps-item-icon"
    >
      <span
        class="rmc-steps-icon"
      >
        1
      </span>
    </div>
    <div
      class="rmc-steps-item-content"
    >
      <div
        class="rmc-steps-item-title"
      >
        已完成
      </div>
      <div
        class="rmc-steps-item-description"
      >
        xx
      </div>
    </div>
  </div>
  <div
    class="rmc-steps-item rmc-steps-item-wait"
  >
    <div
      class="rmc-steps-item-tail"
    />
    <div
      class="rmc-steps-item-icon"
    >
      <span
        class="rmc-steps-icon"
      >
        2
      </span>
    </div>
    <div
      class="rmc-steps-item-content"
    >
      <div
        class="rmc-steps-item-title"
      >
        进行中
      </div>
      <div
        class="rmc-steps-item-description"
      >
        xx
      </div>
    </div>
  </div>
  <div
    class="rmc-steps-item rmc-steps-item-wait"
  >
    <div
      class="rmc-steps-item-tail"
    />
    <div
      class="rmc-steps-item-icon"
    >
      <span
        class="rmc-steps-icon"
      >
        3
      </span>
    </div>
    <div
      class="rmc-steps-item-content"
    >
      <div
        class="rmc-steps-item-title"
      >
        待运行
      </div>
      <div
        class="rmc-steps-item-description"
      >
        xx
      </div>
    </div>
  </div>
  <div
    class="rmc-steps-item rmc-steps-item-wait"
  >
    <div
      class="rmc-steps-item-tail"
    />
    <div
      class="rmc-steps-item-icon"
    >
      <span
        class="rmc-steps-icon"
      >
        4
      </span>
    </div>
    <div
      class="rmc-steps-item-content"
    >
      <div
        class="rmc-steps-item-title"
      >
        待运行
      </div>
      <div
        class="rmc-steps-item-description"
      >
        xx
      </div>
    </div>
  </div>
</div>
`;

exports[`Steps render renders step with description and status 1`] = `
<div
  class="rmc-steps rmc-steps-horizontal rmc-steps-label-horizontal"
>
  <div
    class="rmc-steps-item rmc-steps-item-wait"
  >
    <div
      class="rmc-steps-item-tail"
    />
    <div
      class="rmc-steps-item-icon"
    >
      <span
        class="rmc-steps-icon"
      >
        1
      </span>
    </div>
    <div
      class="rmc-steps-item-content"
    >
      <div
        class="rmc-steps-item-title"
      >
        已完成
      </div>
      <div
        class="rmc-steps-item-description"
      >
        xx
      </div>
    </div>
  </div>
  <div
    class="rmc-steps-item rmc-steps-item-wait"
  >
    <div
      class="rmc-steps-item-tail"
    />
    <div
      class="rmc-steps-item-icon"
    >
      <span
        class="rmc-steps-icon"
      >
        2
      </span>
    </div>
    <div
      class="rmc-steps-item-content"
    >
      <div
        class="rmc-steps-item-title"
      >
        进行中
      </div>
      <div
        class="rmc-steps-item-description"
      >
        xx
      </div>
    </div>
  </div>
  <div
    class="rmc-steps-item rmc-steps-item-process"
  >
    <div
      class="rmc-steps-item-tail"
    />
    <div
      class="rmc-steps-item-icon"
    >
      <span
        class="rmc-steps-icon"
      >
        3
      </span>
    </div>
    <div
      class="rmc-steps-item-content"
    >
      <div
        class="rmc-steps-item-title"
      >
        待运行
      </div>
      <div
        class="rmc-steps-item-description"
      >
        xx
      </div>
    </div>
  </div>
  <div
    class="rmc-steps-item rmc-steps-item-finish"
  >
    <div
      class="rmc-steps-item-tail"
    />
    <div
      class="rmc-steps-item-icon"
    >
      <span
        class="rmc-steps-icon rmcicon rmcicon-check"
      />
    </div>
    <div
      class="rmc-steps-item-content"
    >
      <div
        class="rmc-steps-item-title"
      >
        待运行
      </div>
      <div
        class="rmc-steps-item-description"
      >
        xx
      </div>
    </div>
  </div>
</div>
`;

exports[`Steps render renders vertical correctly 1`] = `
<div
  class="rmc-steps rmc-steps-vertical"
>
  <div
    class="rmc-steps-item rmc-steps-item-process"
  >
    <div
      class="rmc-steps-item-tail"
    />
    <div
      class="rmc-steps-item-icon"
    >
      <span
        class="rmc-steps-icon"
      >
        1
      </span>
    </div>
    <div
      class="rmc-steps-item-content"
    >
      <div
        class="rmc-steps-item-title"
      >
        已完成
      </div>
    </div>
  </div>
  <div
    class="rmc-steps-item rmc-steps-item-wait"
  >
    <div
      class="rmc-steps-item-tail"
    />
    <div
      class="rmc-steps-item-icon"
    >
      <span
        class="rmc-steps-icon"
      >
        2
      </span>
    </div>
    <div
      class="rmc-steps-item-content"
    >
      <div
        class="rmc-steps-item-title"
      >
        进行中
      </div>
    </div>
  </div>
  <div
    class="rmc-steps-item rmc-steps-item-wait"
  >
    <div
      class="rmc-steps-item-tail"
    />
    <div
      class="rmc-steps-item-icon"
    >
      <span
        class="rmc-steps-icon"
      >
        3
      </span>
    </div>
    <div
      class="rmc-steps-item-content"
    >
      <div
        class="rmc-steps-item-title"
      >
        待运行
      </div>
    </div>
  </div>
  <div
    class="rmc-steps-item rmc-steps-item-wait"
  >
    <div
      class="rmc-steps-item-tail"
    />
    <div
      class="rmc-steps-item-icon"
    >
      <span
        class="rmc-steps-icon"
      >
        4
      </span>
    </div>
    <div
      class="rmc-steps-item-content"
    >
      <div
        class="rmc-steps-item-title"
      >
        待运行
      </div>
    </div>
  </div>
</div>
`;

exports[`Steps render renders with fasly children 1`] = `
<div
  class="rmc-steps rmc-steps-horizontal rmc-steps-label-horizontal"
>
  <div
    class="rmc-steps-item rmc-steps-item-wait"
  >
    <div
      class="rmc-steps-item-tail"
    />
    <div
      class="rmc-steps-item-icon"
    >
      <span
        class="rmc-steps-icon"
      >
        1
      </span>
    </div>
    <div
      class="rmc-steps-item-content"
    >
      <div
        class="rmc-steps-item-title"
      >
        已完成
      </div>
      <div
        class="rmc-steps-item-description"
      >
        xx
      </div>
    </div>
  </div>
  <div
    class="rmc-steps-item rmc-steps-item-wait"
  >
    <div
      class="rmc-steps-item-tail"
    />
    <div
      class="rmc-steps-item-icon"
    >
      <span
        class="rmc-steps-icon"
      >
        2
      </span>
    </div>
    <div
      class="rmc-steps-item-content"
    >
      <div
        class="rmc-steps-item-title"
      >
        进行中
      </div>
      <div
        class="rmc-steps-item-description"
      >
        xx
      </div>
    </div>
  </div>
  <div
    class="rmc-steps-item rmc-steps-item-process"
  >
    <div
      class="rmc-steps-item-tail"
    />
    <div
      class="rmc-steps-item-icon"
    >
      <span
        class="rmc-steps-icon"
      >
        3
      </span>
    </div>
    <div
      class="rmc-steps-item-content"
    >
      <div
        class="rmc-steps-item-title"
      >
        待运行
      </div>
      <div
        class="rmc-steps-item-description"
      >
        xx
      </div>
    </div>
  </div>
  <div
    class="rmc-steps-item rmc-steps-item-finish"
  >
    <div
      class="rmc-steps-item-tail"
    />
    <div
      class="rmc-steps-item-icon"
    >
      <span
        class="rmc-steps-icon rmcicon rmcicon-check"
      />
    </div>
    <div
      class="rmc-steps-item-content"
    >
      <div
        class="rmc-steps-item-title"
      >
        待运行
      </div>
      <div
        class="rmc-steps-item-description"
      >
        xx
      </div>
    </div>
  </div>
</div>
`;
